// Jest Snapshot v1, https://goo.gl/fbAQLP

exports[`renders correctly 1`] = `
<View
  style={
    Object {
      "backgroundColor": "#fff",
      "flex": 1,
      "height": 1334,
    }
  }
>
  <Text
    style={
      Object {
        "color": "#000",
        "fontFamily": "System",
        "fontSize": 16,
      }
    }
    uppercase={false}
  >
    Main Container
  </Text>
</View>
`;
